// Jest Snapshot v1, https://goo.gl/fbAQLP

exports[`Form component matches snapshot 1`] = `
<form
  className="form"
>
  <label
    htmlFor="text"
  >
    Sentence or a paragraph to be highlighted
  </label>
  <textarea
    cols="70"
    name="text"
    rows="3"
  />
  <br />
  <label
    htmlFor="text"
  >
    Colors: orange, green, blue, purple, grey
  </label>
  <textarea
    cols="70"
    name="highlights"
    rows="6"
  />
</form>
`;
